15:31:51 **** Build of configuration Debug for project spi_protocol_kvn_ucdr ****
make -j16 all 
arm-none-eabi-gcc "../Core/Src/main.c" -mcpu=cortex-m3 -std=gnu11 -g3 -DDEBUG -DUSE_HAL_DRIVER -DSTM32F103x6 -c -I../Core/Inc -I../Drivers/STM32F1xx_HAL_Driver/Inc/Legacy -I../Drivers/STM32F1xx_HAL_Driver/Inc -I../Drivers/CMSIS/Device/ST/STM32F1xx/Include -I../Drivers/CMSIS/Include -O0 -ffunction-sections -fdata-sections -Wall -fstack-usage -fcyclomatic-complexity -MMD -MP -MF"Core/Src/main.d" -MT"Core/Src/main.o" --specs=nano.specs -mfloat-abi=soft -mthumb -o "Core/Src/main.o"
arm-none-eabi-gcc -o "spi_protocol_kvn_ucdr.elf" @"objects.list"   -mcpu=cortex-m3 -T"C:\Users\Mehmet Nur Kavan\Desktop\spi_protocol\stm32\spi_protocol_kvn_ucdr\STM32F103C6TX_FLASH.ld" --specs=nosys.specs -Wl,-Map="spi_protocol_kvn_ucdr.map" -Wl,--gc-sections -static --specs=nano.specs -mfloat-abi=soft -mthumb -u _printf_float -u _scanf_float -Wl,--start-group -lc -lm -Wl,--end-group
Finished building target: spi_protocol_kvn_ucdr.elf
 
arm-none-eabi-size  spi_protocol_kvn_ucdr.elf 
arm-none-eabi-objdump -h -S spi_protocol_kvn_ucdr.elf  > "spi_protocol_kvn_ucdr.list"
arm-none-eabi-objcopy  -O ihex spi_protocol_kvn_ucdr.elf  "spi_protocol_kvn_ucdr.hex"
   text	   data	    bss	    dec	    hex	filename
  27264	    468	   1908	  29640	   73c8	spi_protocol_kvn_ucdr.elf
arm-none-eabi-objcopy  -O binary spi_protocol_kvn_ucdr.elf  "spi_protocol_kvn_ucdr.bin"
Finished building: default.size.stdout
 
Finished building: spi_protocol_kvn_ucdr.hex
Finished building: spi_protocol_kvn_ucdr.bin
 
 
Finished building: spi_protocol_kvn_ucdr.list
 

15:31:56 Build Finished. 0 errors, 0 warnings. (took 4s.595ms)

